127.0.0.1 - - [03/Jan/2025:10:45:19 +0900] "GET / HTTP/1.1" 404 808
0:0:0:0:0:0:0:1 - - [03/Jan/2025:10:46:10 +0900] "GET /Hello/ HTTP/1.1" 200 882
0:0:0:0:0:0:0:1 - - [03/Jan/2025:10:46:10 +0900] "GET /Hello/images/kim1.png HTTP/1.1" 304 -
0:0:0:0:0:0:0:1 - - [03/Jan/2025:10:46:10 +0900] "GET /favicon.ico HTTP/1.1" 404 819
0:0:0:0:0:0:0:1 - - [03/Jan/2025:10:48:03 +0900] "GET /Hello HTTP/1.1" 302 -
0:0:0:0:0:0:0:1 - - [03/Jan/2025:10:52:40 +0900] "GET /Hello/ HTTP/1.1" 304 -
0:0:0:0:0:0:0:1 - - [03/Jan/2025:11:00:20 +0900] "GET /Hello/sub/play.html HTTP/1.1" 304 -
0:0:0:0:0:0:0:1 - - [03/Jan/2025:11:00:32 +0900] "GET /Hello/sub/play.html HTTP/1.1" 304 -
0:0:0:0:0:0:0:1 - - [03/Jan/2025:11:00:37 +0900] "GET /Hello/sub/play.html HTTP/1.1" 304 -
0:0:0:0:0:0:0:1 - - [03/Jan/2025:11:00:39 +0900] "GET /Hello/ping HTTP/1.1" 200 147
0:0:0:0:0:0:0:1 - - [03/Jan/2025:11:01:40 +0900] "GET /Hello HTTP/1.1" 302 -
127.0.0.1 - - [03/Jan/2025:11:43:01 +0900] "GET / HTTP/1.1" 404 808
0:0:0:0:0:0:0:1 - - [03/Jan/2025:11:43:36 +0900] "GET /Step01Servlet/index.html HTTP/1.1" 404 836
127.0.0.1 - - [03/Jan/2025:11:44:52 +0900] "GET / HTTP/1.1" 404 808
0:0:0:0:0:0:0:1 - - [03/Jan/2025:11:44:56 +0900] "GET /Step01Servlet/index.html HTTP/1.1" 200 194
127.0.0.1 - - [03/Jan/2025:11:47:25 +0900] "GET / HTTP/1.1" 404 808
0:0:0:0:0:0:0:1 - - [03/Jan/2025:11:47:25 +0900] "GET /Step01Servlet/index.html HTTP/1.1" 304 -
0:0:0:0:0:0:0:1 - - [03/Jan/2025:11:50:10 +0900] "GET /Step01Servlet/index.html HTTP/1.1" 200 263
0:0:0:0:0:0:0:1 - - [03/Jan/2025:11:50:15 +0900] "GET /Step01Servlet/fortune HTTP/1.1" 404 833
0:0:0:0:0:0:0:1 - - [03/Jan/2025:11:50:19 +0900] "GET /Step01Servlet/fortune HTTP/1.1" 404 833
127.0.0.1 - - [03/Jan/2025:12:04:43 +0900] "GET / HTTP/1.1" 404 808
0:0:0:0:0:0:0:1 - - [03/Jan/2025:12:04:44 +0900] "GET /Step01Servlet/index.html HTTP/1.1" 304 -
0:0:0:0:0:0:0:1 - - [03/Jan/2025:12:04:46 +0900] "GET /Step01Servlet/fortune HTTP/1.1" 200 8
0:0:0:0:0:0:0:1 - - [03/Jan/2025:12:04:51 +0900] "GET /Step01Servlet/fortune HTTP/1.1" 200 8
0:0:0:0:0:0:0:1 - - [03/Jan/2025:12:05:34 +0900] "GET /Step01Servlet/fortune HTTP/1.1" 200 8
127.0.0.1 - - [03/Jan/2025:12:20:42 +0900] "GET / HTTP/1.1" 404 808
0:0:0:0:0:0:0:1 - - [03/Jan/2025:12:20:42 +0900] "GET /Step01Servlet/fortune HTTP/1.1" 200 193
0:0:0:0:0:0:0:1 - - [03/Jan/2025:12:21:53 +0900] "GET /Step01Servlet/index.html HTTP/1.1" 304 -
0:0:0:0:0:0:0:1 - - [03/Jan/2025:12:21:54 +0900] "GET /Step01Servlet/fortune HTTP/1.1" 200 193
0:0:0:0:0:0:0:1 - - [03/Jan/2025:12:24:40 +0900] "GET /Step01Servlet/fortune HTTP/1.1" 200 193
127.0.0.1 - - [03/Jan/2025:12:43:53 +0900] "GET / HTTP/1.1" 404 808
0:0:0:0:0:0:0:1 - - [03/Jan/2025:12:43:53 +0900] "GET /Step01Servlet/fortune HTTP/1.1" 200 193
0:0:0:0:0:0:0:1 - - [03/Jan/2025:12:43:57 +0900] "GET /Step01Servlet/fortune HTTP/1.1" 200 193
0:0:0:0:0:0:0:1 - - [03/Jan/2025:12:44:01 +0900] "GET /Step01Servlet/ HTTP/1.1" 200 263
127.0.0.1 - - [03/Jan/2025:12:44:42 +0900] "GET / HTTP/1.1" 404 808
0:0:0:0:0:0:0:1 - - [03/Jan/2025:12:44:42 +0900] "GET /Hello/index.html HTTP/1.1" 304 -
0:0:0:0:0:0:0:1 - - [03/Jan/2025:12:44:42 +0900] "GET /Hello/images/kim1.png HTTP/1.1" 304 -
0:0:0:0:0:0:0:1 - - [03/Jan/2025:12:55:16 +0900] "GET /Hello/sub/play.html HTTP/1.1" 200 738
0:0:0:0:0:0:0:1 - - [03/Jan/2025:12:55:18 +0900] "GET /Hello/sub/index.html HTTP/1.1" 404 836
127.0.0.1 - - [03/Jan/2025:14:37:19 +0900] "GET / HTTP/1.1" 404 808
0:0:0:0:0:0:0:1 - - [03/Jan/2025:14:37:19 +0900] "GET /Step01Servlet/index.html HTTP/1.1" 200 311
0:0:0:0:0:0:0:1 - - [03/Jan/2025:14:37:22 +0900] "GET /Step01Servlet/friends HTTP/1.1" 404 833
0:0:0:0:0:0:0:1 - - [03/Jan/2025:14:37:24 +0900] "GET /Step01Servlet/friends HTTP/1.1" 404 833
0:0:0:0:0:0:0:1 - - [03/Jan/2025:14:50:02 +0900] "GET /Step01Servlet/friends HTTP/1.1" 404 833
0:0:0:0:0:0:0:1 - - [03/Jan/2025:14:50:04 +0900] "GET /Step01Servlet/friends HTTP/1.1" 404 833
127.0.0.1 - - [03/Jan/2025:14:50:12 +0900] "GET / HTTP/1.1" 404 808
0:0:0:0:0:0:0:1 - - [03/Jan/2025:14:50:12 +0900] "GET /Step01Servlet/friends HTTP/1.1" 200 222
0:0:0:0:0:0:0:1 - - [03/Jan/2025:14:50:18 +0900] "GET /Step01Servlet/ HTTP/1.1" 200 311
0:0:0:0:0:0:0:1 - - [03/Jan/2025:14:50:20 +0900] "GET /Step01Servlet/friends HTTP/1.1" 200 222
127.0.0.1 - - [03/Jan/2025:15:02:25 +0900] "GET / HTTP/1.1" 404 808
0:0:0:0:0:0:0:1 - - [03/Jan/2025:15:02:25 +0900] "GET /Step01Servlet/friends HTTP/1.1" 200 469
0:0:0:0:0:0:0:1 - - [03/Jan/2025:15:02:41 +0900] "GET /Step01Servlet/friends HTTP/1.1" 200 469
0:0:0:0:0:0:0:1 - - [03/Jan/2025:15:02:42 +0900] "GET /Step01Servlet/friends HTTP/1.1" 200 469
0:0:0:0:0:0:0:1 - - [03/Jan/2025:15:02:42 +0900] "GET /Step01Servlet/friends HTTP/1.1" 200 469
0:0:0:0:0:0:0:1 - - [03/Jan/2025:15:02:43 +0900] "GET /Step01Servlet/friends HTTP/1.1" 200 469
0:0:0:0:0:0:0:1 - - [03/Jan/2025:15:02:44 +0900] "GET /Step01Servlet/friends HTTP/1.1" 200 469
0:0:0:0:0:0:0:1 - - [03/Jan/2025:15:02:45 +0900] "GET /Step01Servlet/friends HTTP/1.1" 200 469
0:0:0:0:0:0:0:1 - - [03/Jan/2025:15:02:55 +0900] "GET /Step01Servlet/friends HTTP/1.1" 200 469
0:0:0:0:0:0:0:1 - - [03/Jan/2025:15:02:56 +0900] "GET /Step01Servlet/friends HTTP/1.1" 200 469
0:0:0:0:0:0:0:1 - - [03/Jan/2025:15:02:56 +0900] "GET /Step01Servlet/friends HTTP/1.1" 200 469
0:0:0:0:0:0:0:1 - - [03/Jan/2025:15:03:19 +0900] "GET /Step01Servlet/friends HTTP/1.1" 200 469
0:0:0:0:0:0:0:1 - - [03/Jan/2025:15:03:19 +0900] "GET /Step01Servlet/friends HTTP/1.1" 200 469
0:0:0:0:0:0:0:1 - - [03/Jan/2025:15:03:20 +0900] "GET /Step01Servlet/friends HTTP/1.1" 200 469
127.0.0.1 - - [03/Jan/2025:15:03:30 +0900] "GET / HTTP/1.1" 404 808
0:0:0:0:0:0:0:1 - - [03/Jan/2025:15:03:30 +0900] "GET /Step01Servlet/friends HTTP/1.1" 200 433
0:0:0:0:0:0:0:1 - - [03/Jan/2025:15:08:15 +0900] "GET /Step01Servlet/friends HTTP/1.1" 200 433
0:0:0:0:0:0:0:1 - - [03/Jan/2025:15:08:15 +0900] "GET /Step01Servlet/friends HTTP/1.1" 200 433
0:0:0:0:0:0:0:1 - - [03/Jan/2025:15:08:20 +0900] "GET /Step01Servlet/ HTTP/1.1" 200 375
0:0:0:0:0:0:0:1 - - [03/Jan/2025:15:08:22 +0900] "GET /Step01Servlet/member HTTP/1.1" 404 832
0:0:0:0:0:0:0:1 - - [03/Jan/2025:15:08:49 +0900] "GET /Step01Servlet/member HTTP/1.1" 404 832
0:0:0:0:0:0:0:1 - - [03/Jan/2025:15:08:49 +0900] "GET /Step01Servlet/member HTTP/1.1" 404 832
0:0:0:0:0:0:0:1 - - [03/Jan/2025:15:08:51 +0900] "GET /Step01Servlet/member HTTP/1.1" 404 832
0:0:0:0:0:0:0:1 - - [03/Jan/2025:15:08:55 +0900] "GET /Step01Servlet/member HTTP/1.1" 404 832
127.0.0.1 - - [03/Jan/2025:15:09:03 +0900] "GET / HTTP/1.1" 404 808
0:0:0:0:0:0:0:1 - - [03/Jan/2025:15:09:03 +0900] "GET /Step01Servlet/index.html HTTP/1.1" 200 381
0:0:0:0:0:0:0:1 - - [03/Jan/2025:15:09:05 +0900] "GET /Step01Servlet/member?num=1 HTTP/1.1" 404 832
127.0.0.1 - - [03/Jan/2025:15:12:58 +0900] "GET / HTTP/1.1" 404 808
0:0:0:0:0:0:0:1 - - [03/Jan/2025:15:12:58 +0900] "GET /Step01Servlet/member HTTP/1.1" 200 159
127.0.0.1 - - [03/Jan/2025:15:13:12 +0900] "GET / HTTP/1.1" 404 808
0:0:0:0:0:0:0:1 - - [03/Jan/2025:15:13:12 +0900] "GET /Step01Servlet/member HTTP/1.1" 200 161
0:0:0:0:0:0:0:1 - - [03/Jan/2025:15:13:13 +0900] "GET /Step01Servlet/member HTTP/1.1" 200 161
0:0:0:0:0:0:0:1 - - [03/Jan/2025:15:13:23 +0900] "GET /Step01Servlet/member HTTP/1.1" 200 161
0:0:0:0:0:0:0:1 - - [03/Jan/2025:15:13:24 +0900] "GET /Step01Servlet/member HTTP/1.1" 200 161
0:0:0:0:0:0:0:1 - - [03/Jan/2025:15:13:24 +0900] "GET /Step01Servlet/member HTTP/1.1" 200 161
127.0.0.1 - - [03/Jan/2025:15:13:36 +0900] "GET / HTTP/1.1" 404 808
0:0:0:0:0:0:0:1 - - [03/Jan/2025:15:13:36 +0900] "GET /Step01Servlet/member HTTP/1.1" 200 153
0:0:0:0:0:0:0:1 - - [03/Jan/2025:15:13:55 +0900] "GET /Step01Servlet/member HTTP/1.1" 200 156
0:0:0:0:0:0:0:1 - - [03/Jan/2025:15:13:56 +0900] "GET /Step01Servlet/member HTTP/1.1" 200 156
0:0:0:0:0:0:0:1 - - [03/Jan/2025:15:16:04 +0900] "GET /Step01Servlet/member HTTP/1.1" 200 191
0:0:0:0:0:0:0:1 - - [03/Jan/2025:15:16:06 +0900] "GET /Step01Servlet/member HTTP/1.1" 200 277
0:0:0:0:0:0:0:1 - - [03/Jan/2025:15:16:24 +0900] "GET /Step01Servlet/member HTTP/1.1" 200 230
127.0.0.1 - - [03/Jan/2025:15:18:37 +0900] "GET / HTTP/1.1" 404 808
0:0:0:0:0:0:0:1 - - [03/Jan/2025:15:18:37 +0900] "GET /Step01Servlet/member HTTP/1.1" 200 246
0:0:0:0:0:0:0:1 - - [03/Jan/2025:15:18:45 +0900] "GET /Step01Servlet/member HTTP/1.1" 200 246
0:0:0:0:0:0:0:1 - - [03/Jan/2025:15:18:47 +0900] "GET /Step01Servlet/member HTTP/1.1" 200 246
0:0:0:0:0:0:0:1 - - [03/Jan/2025:15:19:40 +0900] "GET /Step01Servlet/member HTTP/1.1" 500 1563
0:0:0:0:0:0:0:1 - - [03/Jan/2025:15:19:41 +0900] "GET /Step01Servlet/member HTTP/1.1" 500 1563
0:0:0:0:0:0:0:1 - - [03/Jan/2025:15:19:41 +0900] "GET /Step01Servlet/member HTTP/1.1" 500 1563
127.0.0.1 - - [03/Jan/2025:15:20:16 +0900] "GET / HTTP/1.1" 404 808
0:0:0:0:0:0:0:1 - - [03/Jan/2025:15:20:16 +0900] "GET /Step01Servlet/member HTTP/1.1" 200 263
0:0:0:0:0:0:0:1 - - [03/Jan/2025:15:28:56 +0900] "GET /Step01Servlet/member HTTP/1.1" 200 263
0:0:0:0:0:0:0:1 - - [03/Jan/2025:15:38:00 +0900] "GET /Step01Servlet/index.html HTTP/1.1" 304 -
0:0:0:0:0:0:0:1 - - [03/Jan/2025:15:38:01 +0900] "GET /Step01Servlet/member?num=1 HTTP/1.1" 200 263
0:0:0:0:0:0:0:1 - - [03/Jan/2025:15:38:10 +0900] "GET /Step01Servlet/member?num=1 HTTP/1.1" 200 263
0:0:0:0:0:0:0:1 - - [03/Jan/2025:15:38:11 +0900] "GET /Step01Servlet/member?num=1 HTTP/1.1" 200 263
127.0.0.1 - - [03/Jan/2025:15:38:21 +0900] "GET / HTTP/1.1" 404 808
0:0:0:0:0:0:0:1 - - [03/Jan/2025:15:38:21 +0900] "GET /Step01Servlet/member HTTP/1.1" 200 230
0:0:0:0:0:0:0:1 - - [03/Jan/2025:15:38:47 +0900] "GET /Step01Servlet/member HTTP/1.1" 200 230
0:0:0:0:0:0:0:1 - - [03/Jan/2025:15:38:47 +0900] "GET /Step01Servlet/member HTTP/1.1" 200 230
0:0:0:0:0:0:0:1 - - [03/Jan/2025:15:38:49 +0900] "GET /Step01Servlet/member HTTP/1.1" 200 230
0:0:0:0:0:0:0:1 - - [03/Jan/2025:15:38:50 +0900] "GET /Step01Servlet/member HTTP/1.1" 200 230
0:0:0:0:0:0:0:1 - - [03/Jan/2025:15:42:15 +0900] "GET /Step01Servlet/ HTTP/1.1" 200 446
0:0:0:0:0:0:0:1 - - [03/Jan/2025:15:42:17 +0900] "GET /Step01Servlet/member/list HTTP/1.1" 404 841
127.0.0.1 - - [03/Jan/2025:15:59:50 +0900] "GET / HTTP/1.1" 404 808
0:0:0:0:0:0:0:1 - - [03/Jan/2025:15:59:50 +0900] "GET /Step01Servlet/member/list HTTP/1.1" 200 475
0:0:0:0:0:0:0:1 - - [03/Jan/2025:16:05:21 +0900] "GET /Step01Servlet/member/list HTTP/1.1" 200 627
0:0:0:0:0:0:0:1 - - [03/Jan/2025:16:06:36 +0900] "GET /Step01Servlet/member/list HTTP/1.1" 200 624
0:0:0:0:0:0:0:1 - - [03/Jan/2025:16:06:37 +0900] "GET /Step01Servlet/member/list HTTP/1.1" 200 628
0:0:0:0:0:0:0:1 - - [03/Jan/2025:16:06:37 +0900] "GET /Step01Servlet/member/list HTTP/1.1" 200 628
127.0.0.1 - - [03/Jan/2025:16:07:59 +0900] "GET / HTTP/1.1" 404 808
0:0:0:0:0:0:0:1 - - [03/Jan/2025:16:07:59 +0900] "GET /Step01Servlet/member/list HTTP/1.1" 200 667
0:0:0:0:0:0:0:1 - - [03/Jan/2025:16:08:18 +0900] "GET /Step01Servlet/member/list HTTP/1.1" 200 669
0:0:0:0:0:0:0:1 - - [03/Jan/2025:16:08:18 +0900] "GET /Step01Servlet/member/list HTTP/1.1" 200 669
127.0.0.1 - - [03/Jan/2025:16:08:25 +0900] "GET / HTTP/1.1" 404 808
0:0:0:0:0:0:0:1 - - [03/Jan/2025:16:08:26 +0900] "GET /Step01Servlet/member/list HTTP/1.1" 200 669
0:0:0:0:0:0:0:1 - - [03/Jan/2025:16:11:52 +0900] "GET /Step01Servlet/member/list HTTP/1.1" 200 669
0:0:0:0:0:0:0:1 - - [03/Jan/2025:16:12:09 +0900] "GET /Step01Servlet/member/list HTTP/1.1" 200 669
0:0:0:0:0:0:0:1 - - [03/Jan/2025:16:12:10 +0900] "GET /Step01Servlet/member/list HTTP/1.1" 200 669
127.0.0.1 - - [03/Jan/2025:16:12:17 +0900] "GET / HTTP/1.1" 404 808
0:0:0:0:0:0:0:1 - - [03/Jan/2025:16:12:17 +0900] "GET /Step01Servlet/member/list HTTP/1.1" 200 670
127.0.0.1 - - [03/Jan/2025:16:12:33 +0900] "GET / HTTP/1.1" 404 808
0:0:0:0:0:0:0:1 - - [03/Jan/2025:16:12:34 +0900] "GET /Step01Servlet/member/list HTTP/1.1" 200 678
0:0:0:0:0:0:0:1 - - [03/Jan/2025:16:12:57 +0900] "GET /Step01Servlet/member/list HTTP/1.1" 200 667
0:0:0:0:0:0:0:1 - - [03/Jan/2025:16:12:57 +0900] "GET /Step01Servlet/member/list HTTP/1.1" 200 667
0:0:0:0:0:0:0:1 - - [03/Jan/2025:16:16:01 +0900] "GET /Step01Servlet/member/list HTTP/1.1" 200 667
0:0:0:0:0:0:0:1 - - [03/Jan/2025:16:16:01 +0900] "GET /Step01Servlet/member/list HTTP/1.1" 200 667
127.0.0.1 - - [03/Jan/2025:16:16:26 +0900] "GET / HTTP/1.1" 404 808
0:0:0:0:0:0:0:1 - - [03/Jan/2025:16:16:26 +0900] "GET /Step01Servlet/index.html HTTP/1.1" 200 597
0:0:0:0:0:0:0:1 - - [03/Jan/2025:16:17:04 +0900] "GET /Step01Servlet/send?msg=%EC%95%88%EB%85%95 HTTP/1.1" 404 830
0:0:0:0:0:0:0:1 - - [03/Jan/2025:16:25:43 +0900] "GET /Step01Servlet/send HTTP/1.1" 404 830
127.0.0.1 - - [03/Jan/2025:16:25:51 +0900] "GET / HTTP/1.1" 404 808
0:0:0:0:0:0:0:1 - - [03/Jan/2025:16:25:51 +0900] "GET /Step01Servlet/index.html HTTP/1.1" 200 601
0:0:0:0:0:0:0:1 - - [03/Jan/2025:16:25:53 +0900] "GET /Step01Servlet/send?msg=%ED%95%98%EC%9E%89 HTTP/1.1" 200 14
127.0.0.1 - - [03/Jan/2025:16:52:02 +0900] "GET / HTTP/1.1" 404 808
0:0:0:0:0:0:0:1 - - [03/Jan/2025:16:52:02 +0900] "GET /Step01Servlet/index.html HTTP/1.1" 200 797
0:0:0:0:0:0:0:1 - - [03/Jan/2025:16:52:09 +0900] "GET /Step01Servlet/send?msg=%EC%95%88%EB%85%95 HTTP/1.1" 200 14
0:0:0:0:0:0:0:1 - - [03/Jan/2025:16:52:12 +0900] "GET /Step01Servlet/index.html HTTP/1.1" 304 -
0:0:0:0:0:0:0:1 - - [03/Jan/2025:16:52:12 +0900] "GET /Step01Servlet/index.html HTTP/1.1" 304 -
0:0:0:0:0:0:0:1 - - [03/Jan/2025:16:52:14 +0900] "GET /Step01Servlet/send?msg=%EC%95%88%EB%85%95 HTTP/1.1" 200 14
0:0:0:0:0:0:0:1 - - [03/Jan/2025:16:52:19 +0900] "GET /Step01Servlet/send?msg=%EC%95%88%EB%85%95 HTTP/1.1" 200 14
0:0:0:0:0:0:0:1 - - [03/Jan/2025:16:52:33 +0900] "GET /Step01Servlet/index.html HTTP/1.1" 200 798
0:0:0:0:0:0:0:1 - - [03/Jan/2025:16:52:34 +0900] "GET /Step01Servlet/index.html HTTP/1.1" 304 -
0:0:0:0:0:0:0:1 - - [03/Jan/2025:16:52:35 +0900] "POST /Step01Servlet/send HTTP/1.1" 200 14
0:0:0:0:0:0:0:1 - - [03/Jan/2025:16:52:38 +0900] "GET /Step01Servlet/send?msg=%EC%95%88%EB%85%95 HTTP/1.1" 200 14
0:0:0:0:0:0:0:1 - - [03/Jan/2025:16:52:40 +0900] "POST /Step01Servlet/send HTTP/1.1" 200 14
0:0:0:0:0:0:0:1 - - [03/Jan/2025:16:52:42 +0900] "GET /Step01Servlet/send?msg=%EC%95%88%EB%85%95 HTTP/1.1" 200 14
127.0.0.1 - - [03/Jan/2025:17:04:34 +0900] "GET / HTTP/1.1" 404 808
0:0:0:0:0:0:0:1 - - [03/Jan/2025:17:04:34 +0900] "GET /Step01Servlet/index.html HTTP/1.1" 200 1025
0:0:0:0:0:0:0:1 - - [03/Jan/2025:17:04:38 +0900] "POST /Step01Servlet/send.jsp HTTP/1.1" 200 148
0:0:0:0:0:0:0:1 - - [03/Jan/2025:17:05:50 +0900] "POST /Step01Servlet/send.jsp HTTP/1.1" 200 149
0:0:0:0:0:0:0:1 - - [03/Jan/2025:17:09:39 +0900] "POST /Step01Servlet/send.jsp HTTP/1.1" 200 251
0:0:0:0:0:0:0:1 - - [03/Jan/2025:17:13:59 +0900] "GET /Step01Servlet/send.jsp HTTP/1.1" 200 251
0:0:0:0:0:0:0:1 - - [03/Jan/2025:17:14:06 +0900] "POST /Step01Servlet/send.jsp HTTP/1.1" 200 251
0:0:0:0:0:0:0:1 - - [03/Jan/2025:17:14:23 +0900] "GET /Step01Servlet/index.html HTTP/1.1" 304 -
0:0:0:0:0:0:0:1 - - [03/Jan/2025:17:14:29 +0900] "POST /Step01Servlet/send.jsp HTTP/1.1" 200 251
0:0:0:0:0:0:0:1 - - [03/Jan/2025:17:17:19 +0900] "GET /Step01Servlet/send.jsp HTTP/1.1" 200 353
